
> frontend@0.1.0 build
> next build

node.exe : ΓÜá Warning: 
Next.js inferred your 
workspace root, but it may 
not be correct.
At line:1 char:1
+ & "C:\Program 
Files\nodejs/node.exe" "C:\Us
ers\blake\AppData\Roaming\ 
...
+ ~~~~~~~~~~~~~~~~~~~~~~~~~~~
~~~~~~~~~~~~~~~~~~~~~~~~~~~~~
~~~~~~~~~~~~~
    + CategoryInfo           
   : NotSpecified: (ΓÜá War  
  ning: Ne...not be correc   
 t.:String) [], RemoteExc    
eption
    + FullyQualifiedErrorId  
   : NativeCommandError
 
 We detected multiple 
lockfiles and selected the 
directory of C:\Users\blake\O
neDrive\Documents\GitHub\Buff
Quest\package-lock.json as 
the root directory.
 To silence this warning, 
set `turbopack.root` in your 
Next.js config, or consider 
removing one of the 
lockfiles if it's not needed.
   See https://nextjs.org/doc
s/app/api-reference/config/ne
xt-config-js/turbopack#root-d
irectory for more 
information.
 Detected additional 
lockfiles: 
   * C:\Users\blake\OneDrive\
Documents\GitHub\BuffQuest\fr
ontend\package-lock.json

Γû▓ Next.js 16.1.6 (Turbopack)
- Environments: .env.local

ΓÜá The "middleware" file 
convention is deprecated. 
Please use "proxy" instead. 
Learn more: https://nextjs.or
g/docs/messages/middleware-to
-proxy
  Creating an optimized production build ...

> Build error occurred
Error: Turbopack build 
failed with 3 errors:
./frontend/src/app/auth/callb
ack/route.ts:3:1
Module not found: Can't 
resolve 
'@/lib/supabase/server'
[0m [90m 1 |[39m 
[36mimport[39m { 
[33mNextResponse[39m } 
[36mfrom[39m 
[32m'next/server'[39m
 [90m 2 |[39m [90m// The 
client you created from the 
Server-Side Auth 
instructions[39m
[31m[1m>[22m[39m[90m 3 
|[39m [36mimport[39m { 
createClient } 
[36mfrom[39m [32m'@/lib/su
pabase/server'[39m
 [90m   |[39m [31m[1m^[2
2m[39m[31m[1m^[22m[39m[
31m[1m^[22m[39m[31m[1m^
[22m[39m[31m[1m^[22m[39m
[31m[1m^[22m[39m[31m[1m
^[22m[39m[31m[1m^[22m[3
9m[31m[1m^[22m[39m[31m[
1m^[22m[39m[31m[1m^[22m
[39m[31m[1m^[22m[39m[31m
[1m^[22m[39m[31m[1m^[22
m[39m[31m[1m^[22m[39m[3
1m[1m^[22m[39m[31m[1m^[
22m[39m[31m[1m^[22m[39m
[31m[1m^[22m[39m[31m[1m^
[22m[39m[31m[1m^[22m[39
m[31m[1m^[22m[39m[31m[1
m^[22m[39m[31m[1m^[22m[
39m[31m[1m^[22m[39m[31m
[1m^[22m[39m[31m[1m^[22m
[39m[31m[1m^[22m[39m[31
m[1m^[22m[39m[31m[1m^[2
2m[39m[31m[1m^[22m[39m[
31m[1m^[22m[39m[31m[1m^
[22m[39m[31m[1m^[22m[39m
[31m[1m^[22m[39m[31m[1m
^[22m[39m[31m[1m^[22m[3
9m[31m[1m^[22m[39m[31m[
1m^[22m[39m[31m[1m^[22m
[39m[31m[1m^[22m[39m[31m
[1m^[22m[39m[31m[1m^[22
m[39m[31m[1m^[22m[39m[3
1m[1m^[22m[39m[31m[1m^[
22m[39m[31m[1m^[22m[39m
[31m[1m^[22m[39m[31m[1m^
[22m[39m[31m[1m^[22m[39
m[31m[1m^[22m[39m[31m[1
m^[22m[39m
 [90m 4 |[39m
 [90m 5 |[39m 
[36mexport[39m 
[36masync[39m 
[36mfunction[39m [33mGET[
39m(request[33m:[39m 
[33mRequest[39m) {
 [90m 6 |[39m   
[36mconst[39m { 
searchParams[33m,[39m 
origin } [33m=[39m 
[36mnew[39m [33mURL[39m(r
equest[33m.[39murl)[0m

Import map: aliased to 
relative 
'./src/lib/supabase/server' 
inside of [project]/frontend


https://nextjs.org/docs/messa
ges/module-not-found


./frontend/src/app/api/quests
/route.ts:3:1
Module not found: Can't 
resolve 
'@supabase/supabase-js'
[0m [90m 1 |[39m 
[36mimport[39m { 
[33mNextResponse[39m } 
[36mfrom[39m [32m'next/ser
ver'[39m[33m;[39m
 [90m 2 |[39m 
[36mimport[39m { 
[33mGoogleGenAI[39m } 
[36mfrom[39m [32m'@google/
genai'[39m[33m;[39m
[31m[1m>[22m[39m[90m 3 
|[39m [36mimport[39m { 
createClient } 
[36mfrom[39m [32m'@supabas
e/supabase-js'[39m[33m;[39
m
 [90m   |[39m [31m[1m^[2
2m[39m[31m[1m^[22m[39m[
31m[1m^[22m[39m[31m[1m^
[22m[39m[31m[1m^[22m[39m
[31m[1m^[22m[39m[31m[1m
^[22m[39m[31m[1m^[22m[3
9m[31m[1m^[22m[39m[31m[
1m^[22m[39m[31m[1m^[22m
[39m[31m[1m^[22m[39m[31m
[1m^[22m[39m[31m[1m^[22
m[39m[31m[1m^[22m[39m[3
1m[1m^[22m[39m[31m[1m^[
22m[39m[31m[1m^[22m[39m
[31m[1m^[22m[39m[31m[1m^
[22m[39m[31m[1m^[22m[39
m[31m[1m^[22m[39m[31m[1
m^[22m[39m[31m[1m^[22m[
39m[31m[1m^[22m[39m[31m
[1m^[22m[39m[31m[1m^[22m
[39m[31m[1m^[22m[39m[31
m[1m^[22m[39m[31m[1m^[2
2m[39m[31m[1m^[22m[39m[
31m[1m^[22m[39m[31m[1m^
[22m[39m[31m[1m^[22m[39m
[31m[1m^[22m[39m[31m[1m
^[22m[39m[31m[1m^[22m[3
9m[31m[1m^[22m[39m[31m[
1m^[22m[39m[31m[1m^[22m
[39m[31m[1m^[22m[39m[31m
[1m^[22m[39m[31m[1m^[22
m[39m[31m[1m^[22m[39m[3
1m[1m^[22m[39m[31m[1m^[
22m[39m[31m[1m^[22m[39m
[31m[1m^[22m[39m[31m[1m^
[22m[39m[31m[1m^[22m[39
m[31m[1m^[22m[39m[31m[1
m^[22m[39m[31m[1m^[22m[
39m
 [90m 4 |[39m
 [90m 5 |[39m [90m// 
Initialize Gemini client[39m
 [90m 6 |[39m 
[36mconst[39m gemini 
[33m=[39m [36mnew[39m 
[33mGoogleGenAI[39m({ [0m



https://nextjs.org/docs/messa
ges/module-not-found


./frontend/src/lib/auth.ts:2:
1
Module not found: Can't 
resolve 'pg'
[0m [90m 1 |[39m 
[36mimport[39m { 
betterAuth } [36mfrom[39m 
[32m"better-auth"[39m[33m;
[39m
[31m[1m>[22m[39m[90m 2 
|[39m [36mimport[39m { 
[33mPool[39m } 
[36mfrom[39m 
[32m"pg"[39m[33m;[39m
 [90m   |[39m [31m[1m^[2
2m[39m[31m[1m^[22m[39m[
31m[1m^[22m[39m[31m[1m^
[22m[39m[31m[1m^[22m[39m
[31m[1m^[22m[39m[31m[1m
^[22m[39m[31m[1m^[22m[3
9m[31m[1m^[22m[39m[31m[
1m^[22m[39m[31m[1m^[22m
[39m[31m[1m^[22m[39m[31m
[1m^[22m[39m[31m[1m^[22
m[39m[31m[1m^[22m[39m[3
1m[1m^[22m[39m[31m[1m^[
22m[39m[31m[1m^[22m[39m
[31m[1m^[22m[39m[31m[1m^
[22m[39m[31m[1m^[22m[39
m[31m[1m^[22m[39m[31m[1
m^[22m[39m[31m[1m^[22m[
39m[31m[1m^[22m[39m[31m
[1m^[22m[39m
 [90m 3 |[39m
 [90m 4 |[39m 
[36mexport[39m 
[36mconst[39m auth 
[33m=[39m betterAuth({
 [90m 5 |[39m     
database[33m:[39m 
[36mnew[39m 
[33mPool[39m({[0m



Import traces:
  App Route:
    
./frontend/src/lib/auth.ts
    ./frontend/src/app/api/au
th/[...all]/route.ts

  Edge Middleware:
    
./frontend/src/lib/auth.ts
    
./frontend/src/middleware.ts

https://nextjs.org/docs/messa
ges/module-not-found


    at <unknown> (./frontend/
src/app/auth/callback/route.t
s:3:1)
    at <unknown> (https://nex
tjs.org/docs/messages/module-
not-found)
    at <unknown> (./frontend/
src/app/api/quests/route.ts:3
:1)
    at <unknown> (https://nex
tjs.org/docs/messages/module-
not-found)
    at <unknown> (./frontend/
src/lib/auth.ts:2:1)
    at <unknown> (https://nex
tjs.org/docs/messages/module-
not-found)
